ok    util (264 lines identical)
ok    slipnet (538 lines identical)
ok    workspace (378 lines identical)
ok    cm (192 lines identical)
ok    bonds (92 lines identical)
ok    groups (230 lines identical)
ok    bridges (304 lines identical)
ok    coderack (366 lines identical)
ok    bondcodelets (263 lines identical)
ok    themes (2074 lines identical)
ok    descriptioncodelets (321 lines identical)
ok    groupcodelets (4854 lines identical)
ok    bridgecodelets (5396 lines identical)
ok    themecodelets (3335 lines identical)
ok    images (1668 lines identical)
ok    rules (4620 lines identical)
ok    ruleapply (1993 lines identical)
ok    ruleabstract (1709 lines identical)
ok    rulecodelets (3280 lines identical)
ok    ruletranslate (1449 lines identical)
ok    transstring (974 lines identical)
ok    memory (505 lines identical)
ok    patterns (334 lines identical)
ok    trace (597 lines identical)
ok    justify (289 lines identical)
ok    wsevents (1828 lines identical)
ok    swevents (453 lines identical)
ok    monitors (808 lines identical)
ok    abstract (119 lines identical)
ok    commentary (72 lines identical)
ok    runloop (246 lines identical)
ok    run (161 lines identical)
ok    justifymode (234 lines identical)
all probes matched
