ok    abc:abd::ijk:? seed=1              ijl	5	11.199954957	857.000000
ok    abc:abd::ijk:? seed=2              ijl	5	10.731256521	965.800000
ok    abc:abd::ijk:? seed=3              ijl	5	9.031412891	984.000000
ok    abc:abd::iijjkk:? seed=1           iijjkl	3	16.720942766	2390.000000; iijjll	2	13.704987075	1956.000000
ok    abc:abd::iijjkk:? seed=2           iijjkl	4	17.558544902	2069.000000; iijjll	1	16.641767917	4246.000000
ok    abc:abd::iijjkk:? seed=3           iijjll	3	19.334399452	3040.666667; iijjkl	2	17.028607508	3701.000000
ok    abc:abd::xyz:? seed=1              xyd	5	14.612485886	4384.000000
ok    abc:abd::xyz:? seed=2              xyd	5	15.317047858	9217.000000
ok    abc:abd::xyz:? seed=3              xyd	5	12.784941261	9409.000000
ok    abc:abd::mrrjjj:? seed=1           mrrjjk	1	41.564702279	2029.000000; mrrkkk	3	56.644766421	4712.000000; mrrjjjj	1	18.563813583	6434.000000
ok    abc:abd::mrrjjj:? seed=2           mrrjjk	1	44.992270572	1193.000000; mrrkkk	4	43.300137039	6840.500000
ok    abc:abd::mrrjjj:? seed=3           mrrjjk	3	46.387194081	13236.666667; mrrkkk	1	42.180777829	8203.000000; mrrjjjj	1	11.851730279	30016.000000
ok    abc:abd::ppqqrr:? seed=1           ppqqrs	3	16.720942766	2390.000000; ppqqss	2	13.704987075	1956.000000
ok    abc:abd::ppqqrr:? seed=2           ppqqrs	4	17.558544902	2069.000000; ppqqss	1	16.641767917	4246.000000
ok    abc:abd::ppqqrr:? seed=3           ppqqss	3	19.334399452	3040.666667; ppqqrs	2	17.028607508	3701.000000
ok    abc:abd::ijkl:? seed=1             ijkm	5	13.620267096	1352.200000
ok    abc:abd::ijkl:? seed=2             ijkm	5	13.841146405	1125.200000
ok    abc:abd::ijkl:? seed=3             ijkm	5	13.698282605	1243.000000
ok    abc:abd::rppkkk:? seed=1           rpplll	4	42.857138550	6421.250000; rppkkl	1	39.296660300	4442.000000
ok    abc:abd::rppkkk:? seed=2           rpplll	3	43.268530001	9011.000000; rppkkl	1	46.892113069	6843.000000; rppkkkk	1	13.430374134	15014.000000
ok    abc:abd::rppkkk:? seed=3           rpplll	2	44.200735426	8456.000000; rppkkkk	1	18.538911521	6668.000000; rppkkl	2	52.033630017	17621.000000
ok    aabc:aabd::ijkk:? seed=1           ijkl	4	45.418950047	9113.000000; ijll	1	19.659374908	9477.000000
ok    aabc:aabd::ijkk:? seed=2           ijkl	2	34.964343175	2386.000000; ijll	3	29.064489235	3979.000000
ok    aabc:aabd::ijkk:? seed=3           ijll	2	41.708386794	2579.000000; ijkkk	1	21.249806848	5068.000000; ijkl	2	28.314270144	7052.500000
ok    abcd:abcde::ijkl:? seed=1          ijkl	5	14.648377390	2165.200000
ok    abcd:abcde::ijkl:? seed=2          ijkl	5	12.844343459	1535.600000
ok    abcd:abcde::ijkl:? seed=3          ijkl	5	13.003719190	1912.800000
ok    abc:abd::kji:? seed=1              kjj	4	31.964259753	1035.750000; kjh	1	15.942012788	1522.000000
ok    abc:abd::kji:? seed=2              kjj	2	33.385731639	1490.000000; kjh	1	10.459220281	1033.000000; lji	2	12.054608618	1685.500000
ok    abc:abd::kji:? seed=3              lji	3	18.338430012	2085.333333; kjj	2	26.571073242	3563.000000
ok    abc:abd::mrrkkk:? seed=1           mrrlll	5	44.002000871	10797.400000
ok    abc:abd::mrrkkk:? seed=2           mrrlll	3	43.268530001	9011.000000; mrrkkl	2	46.660498866	11026.500000
ok    abc:abd::mrrkkk:? seed=3           mrrlll	3	44.938548509	8050.000000; mrrkkl	2	44.380653388	6625.000000
ok    abac:abad::srqr:? seed=1           srqs	5	76.143176209	14039.600000
ok    abac:abad::srqr:? seed=2           srqs	5	68.819376833	16250.000000
ok    abac:abad::srqr:? seed=3           srqr	1	87.379178965	3176.000000; srrs	1	78.945051134	8305.000000; srqs	3	68.474880838	13196.666667
ok    rst:rsu::xyz:? seed=1              xyu	5	14.240904561	10189.200000
ok    rst:rsu::xyz:? seed=2              xyu	5	21.292193355	12997.400000
ok    rst:rsu::xyz:? seed=3              xyu	5	20.181155907	9787.600000
ok    abc:abd::wyz:? seed=1              wyz	2	62.747376305	233504.000000; wd	2	45.247874231	263220.500000; wyd	1	60.593183361	291092.000000
ok    abc:abd::wyz:? seed=2              wyz	4	66.043399484	256817.750000; wd	1	48.047615922	574765.000000
ok    abc:abd::wyz:? seed=3              wyz	4	69.178817045	56721.750000; wd	1	42.223825342	27617.000000
ok    abc:abd::glz:? seed=1              gld	5	52.704232351	310548.200000
ok    abc:abd::glz:? seed=2              gld	5	47.736985550	227301.400000
ok    abc:abd::glz:? seed=3              gld	5	50.628681870	123203.800000
ok    axbxcx:axbxdx::pxqxrx:? seed=1     5000 codelets traced identically
ok    axbxcx:axbxdx::pxqxrx:? seed=2     5000 codelets traced identically
ok    axbxcx:axbxdx::pxqxrx:? seed=3     5000 codelets traced identically
ok    abc:abd::aababc:? seed=1           1052 codelets traced identically
ok    abc:abd::aababc:? seed=2           592 codelets traced identically
ok    abc:abd::aababc:? seed=3           5000 codelets traced identically

51/51 comparisons matched
